
> okok@0.1.0 build
> next build

Γû▓ Next.js 16.1.6 (Turbopack)
- Environments: .env

  Creating an optimized production build ...
Γ£ô Compiled successfully in 2.7s
  Running TypeScript ...
  Collecting page data using 11 workers ...
  Generating static pages using 11 workers (0/14) ...
node.exe : ΓÜá 
Unsupported metadata 
viewport is configured 
in metadata export in 
/_not-found. Please 
move it to viewport 
export instead.
At line:1 char:1
+ & "C:\Program 
Files\nodejs/node.exe" 
"C:\Program 
Files\nodejs/node_mo 
...
+ ~~~~~~~~~~~~~~~~~~~~~
~~~~~~~~~~~~~~~~~~~~~~~
~~~~~~~~~~~~~~~~~~~~~~~
~~
    + CategoryInfo     
         : NotSpecifi  
  ed: (ΓÜá Unsupport   
 ed...export instea    
d.:String) [], Rem    
oteException
    + FullyQualifiedEr 
   rorId : NativeComm  
  andError
 
Read more: https://next
js.org/docs/app/api-ref
erence/functions/genera
te-viewport
ΓÜá Unsupported 
metadata themeColor is 
configured in metadata 
export in /_not-found. 
Please move it to 
viewport export 
instead.
Read more: https://next
js.org/docs/app/api-ref
erence/functions/genera
te-viewport
ΓÜá Unsupported 
metadata viewport is 
configured in metadata 
export in /about. 
Please move it to 
viewport export 
instead.
Read more: https://next
js.org/docs/app/api-ref
erence/functions/genera
te-viewport
ΓÜá Unsupported 
metadata themeColor is 
configured in metadata 
export in /about. 
Please move it to 
viewport export 
instead.
Read more: https://next
js.org/docs/app/api-ref
erence/functions/genera
te-viewport
ΓÜá Unsupported 
metadata viewport is 
configured in metadata 
export in /contact. 
Please move it to 
viewport export 
instead.
Read more: https://next
js.org/docs/app/api-ref
erence/functions/genera
te-viewport
ΓÜá Unsupported 
metadata themeColor is 
configured in metadata 
export in /contact. 
Please move it to 
viewport export 
instead.
Read more: https://next
js.org/docs/app/api-ref
erence/functions/genera
te-viewport
ΓÜá Unsupported 
metadata viewport is 
configured in metadata 
export in /learn. 
Please move it to 
viewport export 
instead.
Read more: https://next
js.org/docs/app/api-ref
erence/functions/genera
te-viewport
ΓÜá Unsupported 
metadata themeColor is 
configured in metadata 
export in /learn. 
Please move it to 
viewport export 
instead.
Read more: https://next
js.org/docs/app/api-ref
erence/functions/genera
te-viewport
ΓÜá Unsupported 
metadata viewport is 
configured in metadata 
export in /login. 
Please move it to 
viewport export 
instead.
Read more: https://next
js.org/docs/app/api-ref
erence/functions/genera
te-viewport
ΓÜá Unsupported 
metadata themeColor is 
configured in metadata 
export in /login. 
Please move it to 
viewport export 
instead.
Read more: https://next
js.org/docs/app/api-ref
erence/functions/genera
te-viewport
ΓÜá Unsupported 
metadata viewport is 
configured in metadata 
export in /. Please 
move it to viewport 
export instead.
Read more: https://next
js.org/docs/app/api-ref
erence/functions/genera
te-viewport
ΓÜá Unsupported 
metadata themeColor is 
configured in metadata 
export in /. Please 
move it to viewport 
export instead.
Read more: https://next
js.org/docs/app/api-ref
erence/functions/genera
te-viewport
  Generating static pages using 11 workers (3/14) 
  Generating static pages using 11 workers (6/14) 
ΓÜá Unsupported 
metadata viewport is 
configured in metadata 
export in 
/shop/whey-protein. 
Please move it to 
viewport export 
instead.
Read more: https://next
js.org/docs/app/api-ref
erence/functions/genera
te-viewport
ΓÜá Unsupported 
metadata themeColor is 
configured in metadata 
export in 
/shop/whey-protein. 
Please move it to 
viewport export 
instead.
Read more: https://next
js.org/docs/app/api-ref
erence/functions/genera
te-viewport
ΓÜá Unsupported 
metadata viewport is 
configured in metadata 
export in /privacy. 
Please move it to 
viewport export 
instead.
Read more: https://next
js.org/docs/app/api-ref
erence/functions/genera
te-viewport
ΓÜá Unsupported 
metadata themeColor is 
configured in metadata 
export in /privacy. 
Please move it to 
viewport export 
instead.
Read more: https://next
js.org/docs/app/api-ref
erence/functions/genera
te-viewport
ΓÜá Unsupported 
metadata viewport is 
configured in metadata 
export in /shop. 
Please move it to 
viewport export 
instead.
Read more: https://next
js.org/docs/app/api-ref
erence/functions/genera
te-viewport
ΓÜá Unsupported 
metadata themeColor is 
configured in metadata 
export in /shop. 
Please move it to 
viewport export 
instead.
Read more: https://next
js.org/docs/app/api-ref
erence/functions/genera
te-viewport
ΓÜá Unsupported 
metadata viewport is 
configured in metadata 
export in 
/product-context. 
Please move it to 
viewport export 
instead.
Read more: https://next
js.org/docs/app/api-ref
erence/functions/genera
te-viewport
ΓÜá Unsupported 
metadata themeColor is 
configured in metadata 
export in 
/product-context. 
Please move it to 
viewport export 
instead.
Read more: https://next
js.org/docs/app/api-ref
erence/functions/genera
te-viewport
ΓÜá Unsupported 
metadata viewport is 
configured in metadata 
export in /terms. 
Please move it to 
viewport export 
instead.
Read more: https://next
js.org/docs/app/api-ref
erence/functions/genera
te-viewport
ΓÜá Unsupported 
metadata themeColor is 
configured in metadata 
export in /terms. 
Please move it to 
viewport export 
instead.
Read more: https://next
js.org/docs/app/api-ref
erence/functions/genera
te-viewport
ΓÜá Unsupported 
metadata viewport is 
configured in metadata 
export in /training. 
Please move it to 
viewport export 
instead.
Read more: https://next
js.org/docs/app/api-ref
erence/functions/genera
te-viewport
ΓÜá Unsupported 
metadata themeColor is 
configured in metadata 
export in /training. 
Please move it to 
viewport export 
instead.
Read more: https://next
js.org/docs/app/api-ref
erence/functions/genera
te-viewport
  Generating static pages using 11 workers (10/14) 
Γ£ô Generating static pages using 11 workers (14/14) in 383.2ms
  Finalizing page optimization ...

Route (app)
Γöî Γùï /
Γö£ Γùï /_not-found
Γö£ Γùï /about
Γö£ Γùï /contact
Γö£ Γùï /learn
Γö£ Γùï /login
Γö£ Γùï /privacy
Γö£ Γùï /product-context
Γö£ ╞Æ /product/[id]
Γö£ Γùï /shop
Γö£ ╞Æ /shop/[category]
Γö£ Γùï /shop/whey-protein
Γö£ Γùï /terms
Γöö Γùï /training


Γùï  (Static)   prerendered as static content
╞Æ  (Dynamic)  server-rendered on demand

